******************************************************************************
                  TI ARM Linker PC v18.1.2                     
******************************************************************************
>> Linked Wed Oct  3 21:33:26 2018

OUTPUT FILE NAME:   <Practica_Servos.out>
ENTRY POINT SYMBOL: "_c_int00_noargs"  address: 00000d25


MEMORY CONFIGURATION

         name            origin    length      used     unused   attr    fill
----------------------  --------  ---------  --------  --------  ----  --------
  FLASH                 00000000   00040000  00000fe2  0003f01e  R  X
  SRAM                  20000000   00008000  00000210  00007df0  RW X


SEGMENT ALLOCATION MAP

run origin  load origin   length   init length attrs members
----------  ----------- ---------- ----------- ----- -------
00000000    00000000    00000fe8   00000fe8    r-x
  00000000    00000000    0000026c   0000026c    r-- .intvecs
  0000026c    0000026c    00000c4a   00000c4a    r-x .text
  00000eb8    00000eb8    000000fc   000000fc    r-- .const
  00000fb8    00000fb8    00000030   00000030    r-- .cinit
20000000    20000000    00000210   00000000    rw-
  20000000    20000000    00000200   00000000    rw- .stack
  20000200    20000200    00000008   00000000    rw- .bss
  20000208    20000208    00000008   00000000    rw- .data


SECTION ALLOCATION MAP

 output                                  attributes/
section   page    origin      length       input sections
--------  ----  ----------  ----------   ----------------
.intvecs   0    00000000    0000026c     
                  00000000    0000026c     tm4c123gh6pm_startup_ccs.obj (.intvecs)

.text      0    0000026c    00000c4a     
                  0000026c    000002d0     main.obj (.text)
                  0000053c    000001b6     rtsv7M4_T_le_v4SPD16_eabi.lib : fd_add_t2.asm.obj (.text)
                  000006f2    00000132     driverlib.lib : gpio.obj (.text:GPIOPadConfigSet)
                  00000824    00000110                   : sysctl.obj (.text:SysCtlClockGet)
                  00000934    000000fc     rtsv7M4_T_le_v4SPD16_eabi.lib : fd_mul_t2.asm.obj (.text)
                  00000a30    000000f4     driverlib.lib : sysctl.obj (.text:SysCtlClockSet)
                  00000b24    0000009c     rtsv7M4_T_le_v4SPD16_eabi.lib : memcpy_t2.asm.obj (.text)
                  00000bc0    0000006e                                   : fd_tos_t2.asm.obj (.text)
                  00000c2e    00000068                                   : copy_decompress_lzss.c.obj (.text:decompress:lzss:__TI_decompress_lzss)
                  00000c96    00000002     --HOLE-- [fill = 0]
                  00000c98    00000048     driverlib.lib : gpio.obj (.text:GPIOPinConfigure)
                  00000ce0    00000044     rtsv7M4_T_le_v4SPD16_eabi.lib : autoinit.c.obj (.text:__TI_auto_init_nobinit_nopinit:__TI_auto_init_nobinit_nopinit)
                  00000d24    00000038                                   : boot_cortex_m.c.obj (.text:_c_int00_noargs:_c_int00_noargs)
                  00000d5c    00000034     driverlib.lib : sysctl.obj (.text:SysCtlPeripheralEnable)
                  00000d90    0000002e     rtsv7M4_T_le_v4SPD16_eabi.lib : i_tofd_t2.asm.obj (.text)
                  00000dbe    0000002a     driverlib.lib : gpio.obj (.text:GPIODirModeSet)
                  00000de8    00000022                   : pwm.obj (.text:PWMGenConfigure)
                  00000e0a    0000001e                   : pwm.obj (.text:PWMPulseWidthSet)
                  00000e28    00000014                   : sysctl.obj (.text:SysCtlPWMClockSet)
                  00000e3c    00000012                   : gpio.obj (.text:GPIOPinTypePWM)
                  00000e4e    00000012                   : pwm.obj (.text:PWMOutputState)
                  00000e60    00000012     rtsv7M4_T_le_v4SPD16_eabi.lib : copy_zero_init.c.obj (.text:decompress:ZI:__TI_zero_init_nomemset:__TI_zero_init_nomemset)
                  00000e72    00000010     driverlib.lib : pwm.obj (.text:PWMGenPeriodSet)
                  00000e82    0000000e     rtsv7M4_T_le_v4SPD16_eabi.lib : copy_decompress_none.c.obj (.text:decompress:none:__TI_decompress_none)
                  00000e90    0000000c     driverlib.lib : pwm.obj (.text:PWMGenEnable)
                  00000e9c    0000000c     tm4c123gh6pm_startup_ccs.obj (.text)
                  00000ea8    00000006     driverlib.lib : sysctl.obj (.text:SysCtlDelay)
                  00000eae    00000004     rtsv7M4_T_le_v4SPD16_eabi.lib : pre_init.c.obj (.text:_system_pre_init)
                  00000eb2    00000004                                   : exit.c.obj (.text:abort:abort)

.const     0    00000eb8    000000fc     
                  00000eb8    00000090     driverlib.lib : gpio.obj (.const:g_pui32GPIOBaseAddrs)
                  00000f48    0000006c                   : sysctl.obj (.const:g_pui32Xtals)

.cinit     0    00000fb8    00000030     
                  00000fb8    0000000c     (__TI_handler_table)
                  00000fc4    0000000a     (.cinit..data.load) [load image, compression = lzss]
                  00000fce    00000002     --HOLE-- [fill = 0]
                  00000fd0    00000008     (.cinit..bss.load) [load image, compression = zero_init]
                  00000fd8    00000010     (__TI_cinit_table)

.init_array 
*          0    00000000    00000000     UNINITIALIZED

.bss       0    20000200    00000008     UNINITIALIZED
                  20000200    00000004     (.common:Load)
                  20000204    00000004     (.common:PWMClk)

.data      0    20000208    00000008     UNINITIALIZED
                  20000208    00000008     main.obj (.data)

.stack     0    20000000    00000200     UNINITIALIZED
                  20000000    00000004     rtsv7M4_T_le_v4SPD16_eabi.lib : boot_cortex_m.c.obj (.stack)
                  20000004    000001fc     --HOLE--

MODULE SUMMARY

       Module                         code   ro data   rw data
       ------                         ----   -------   -------
    .\
       main.obj                       720    0         16     
       tm4c123gh6pm_startup_ccs.obj   12     620       0      
    +--+------------------------------+------+---------+---------+
       Total:                         732    620       16     
                                                              
    ../driverlib.lib
       sysctl.obj                     594    108       0      
       gpio.obj                       438    144       0      
       pwm.obj                        110    0         0      
    +--+------------------------------+------+---------+---------+
       Total:                         1142   252       0      
                                                              
    C:\ti\ccsv8\tools\compiler\ti-cgt-arm_18.1.2.LTS\lib\rtsv7M4_T_le_v4SPD16_eabi.lib
       fd_add_t2.asm.obj              438    0         0      
       fd_mul_t2.asm.obj              252    0         0      
       memcpy_t2.asm.obj              156    0         0      
       fd_tos_t2.asm.obj              110    0         0      
       copy_decompress_lzss.c.obj     104    0         0      
       autoinit.c.obj                 68     0         0      
       boot_cortex_m.c.obj            56     0         0      
       i_tofd_t2.asm.obj              46     0         0      
       copy_zero_init.c.obj           18     0         0      
       copy_decompress_none.c.obj     14     0         0      
       exit.c.obj                     4      0         0      
       pre_init.c.obj                 4      0         0      
    +--+------------------------------+------+---------+---------+
       Total:                         1270   0         0      
                                                              
       Stack:                         0      0         512    
       Linker Generated:              0      46        0      
    +--+------------------------------+------+---------+---------+
       Grand Total:                   3144   918       528    


LINKER GENERATED COPY TABLES

__TI_cinit_table @ 00000fd8 records: 2, size/record: 8, table size: 16
	.data: load addr=00000fc4, load size=0000000a bytes, run addr=20000208, run size=00000008 bytes, compression=lzss
	.bss: load addr=00000fd0, load size=00000008 bytes, run addr=20000200, run size=00000008 bytes, compression=zero_init


LINKER GENERATED HANDLER TABLE

__TI_handler_table @ 00000fb8 records: 3, size/record: 4, table size: 12
	index: 0, handler: __TI_decompress_lzss
	index: 1, handler: __TI_decompress_none
	index: 2, handler: __TI_zero_init


GLOBAL SYMBOLS: SORTED ALPHABETICALLY BY Name 

address   name                          
-------   ----                          
20000208  Ang1                          
00000eb3  C$$EXIT                       
0000026d  Configuracion                 
00000dbf  GPIODirModeSet                
000006f3  GPIOPadConfigSet              
00000c99  GPIOPinConfigure              
00000e3d  GPIOPinTypePWM                
20000200  Load                          
20000204  PWMClk                        
00000de9  PWMGenConfigure               
00000e91  PWMGenEnable                  
00000e73  PWMGenPeriodSet               
00000e4f  PWMOutputState                
00000e0b  PWMPulseWidthSet              
00000283  PWM_Config                    
00000e9d  ResetISR                      
000003c7  Servo_Base                    
0000041f  Servo_Brazo                   
00000477  Servo_Mano                    
00000825  SysCtlClockGet                
00000a31  SysCtlClockSet                
00000ea9  SysCtlDelay                   
00000e29  SysCtlPWMClockSet             
00000d5d  SysCtlPeripheralEnable        
20000200  __STACK_END                   
00000200  __STACK_SIZE                  
20000200  __STACK_TOP                   
00000fd8  __TI_CINIT_Base               
00000fe8  __TI_CINIT_Limit              
00000fb8  __TI_Handler_Table_Base       
00000fc4  __TI_Handler_Table_Limit      
00000ce1  __TI_auto_init_nobinit_nopinit
00000c2f  __TI_decompress_lzss          
00000e83  __TI_decompress_none          
ffffffff  __TI_pprof_out_hndl           
ffffffff  __TI_prof_data_size           
ffffffff  __TI_prof_data_start          
00000000  __TI_static_base__            
00000e61  __TI_zero_init_nomemset       
00000bc1  __aeabi_d2f                   
00000547  __aeabi_dadd                  
00000935  __aeabi_dmul                  
0000053d  __aeabi_dsub                  
00000d91  __aeabi_i2d                   
00000b25  __aeabi_memcpy                
00000b25  __aeabi_memcpy4               
00000b25  __aeabi_memcpy8               
ffffffff  __binit__                     
ffffffff  __c_args__                    
UNDEFED   __mpu_init                    
20000000  __stack                       
00000d25  _c_int00_noargs               
UNDEFED   _system_post_cinit            
00000eaf  _system_pre_init              
00000eb3  abort                         
ffffffff  binit                         
2000020c  carga                         
00000000  g_pfnVectors                  
00000331  main                          
00000b25  memcpy                        


GLOBAL SYMBOLS: SORTED BY Symbol Address 

address   name                          
-------   ----                          
00000000  __TI_static_base__            
00000000  g_pfnVectors                  
00000200  __STACK_SIZE                  
0000026d  Configuracion                 
00000283  PWM_Config                    
00000331  main                          
000003c7  Servo_Base                    
0000041f  Servo_Brazo                   
00000477  Servo_Mano                    
0000053d  __aeabi_dsub                  
00000547  __aeabi_dadd                  
000006f3  GPIOPadConfigSet              
00000825  SysCtlClockGet                
00000935  __aeabi_dmul                  
00000a31  SysCtlClockSet                
00000b25  __aeabi_memcpy                
00000b25  __aeabi_memcpy4               
00000b25  __aeabi_memcpy8               
00000b25  memcpy                        
00000bc1  __aeabi_d2f                   
00000c2f  __TI_decompress_lzss          
00000c99  GPIOPinConfigure              
00000ce1  __TI_auto_init_nobinit_nopinit
00000d25  _c_int00_noargs               
00000d5d  SysCtlPeripheralEnable        
00000d91  __aeabi_i2d                   
00000dbf  GPIODirModeSet                
00000de9  PWMGenConfigure               
00000e0b  PWMPulseWidthSet              
00000e29  SysCtlPWMClockSet             
00000e3d  GPIOPinTypePWM                
00000e4f  PWMOutputState                
00000e61  __TI_zero_init_nomemset       
00000e73  PWMGenPeriodSet               
00000e83  __TI_decompress_none          
00000e91  PWMGenEnable                  
00000e9d  ResetISR                      
00000ea9  SysCtlDelay                   
00000eaf  _system_pre_init              
00000eb3  C$$EXIT                       
00000eb3  abort                         
00000fb8  __TI_Handler_Table_Base       
00000fc4  __TI_Handler_Table_Limit      
00000fd8  __TI_CINIT_Base               
00000fe8  __TI_CINIT_Limit              
20000000  __stack                       
20000200  Load                          
20000200  __STACK_END                   
20000200  __STACK_TOP                   
20000204  PWMClk                        
20000208  Ang1                          
2000020c  carga                         
ffffffff  __TI_pprof_out_hndl           
ffffffff  __TI_prof_data_size           
ffffffff  __TI_prof_data_start          
ffffffff  __binit__                     
ffffffff  __c_args__                    
ffffffff  binit                         
UNDEFED   __mpu_init                    
UNDEFED   _system_post_cinit            

[60 symbols]
